=== BENCH eae_original (12:20:07) ===
--- done eae_original (12:22:45)
bench configs written
=== BENCH body2d_x_ft (12:22:45) ===
--- done body2d_x_ft (12:25:10)
=== BENCH body2d_t (12:25:10) ===
--- done body2d_t (12:27:11)
=== BENCH body2d_s (12:27:11) ===
--- done body2d_s (12:29:18)
=== BENCH body2d_m (12:29:18) ===
--- done body2d_m (12:31:29)
=== BENCH body2d_l (12:31:29) ===
--- done body2d_l (12:33:40)
=== BENCH wholebody_m (12:33:40) ===
--- done wholebody_m (12:36:33)
=== BENCH wholebody_l (12:36:33) ===
--- done wholebody_l (12:39:34)
=== BENCH wholebody_x (12:39:34) ===
--- done wholebody_x (12:42:44)
=== BENCH pose3d_l (12:42:44) ===
--- done pose3d_l (12:46:11)
| config | ENTRANCE_VECTORS | ENTRANCE_HESITATION | TOTAL_TIME_OF_ENTRY | STAY_ALONG_WALL | window | frames | loop_fps | wall_sec | peak_rss_gb | n_artifacts | error |
|---|---|---|---|---|---|---|---|---|---|---|---|
| eae_original | 1.0 | 1.0 | 1.0 | 0.93 | 1325-1885 | 2743 | 23.4 | 157.8 | 10.81 | 15 |  |
| body2d_x_ft | 1.0 | 1.0 | 1.0 | 0.9 | 1325-1725 | 2743 | 24.33 | 145.7 | 10.67 | 15 |  |
| body2d_t | 1.0 | 1.0 | 1.0 | 0.8 | 1318-1726 | 2743 | 31.39 | 121.0 | 10.97 | 15 |  |
| body2d_s | 1.0 | 1.0 | 1.0 | 0.73 | 1326-1758 | 2743 | 30.4 | 126.1 | 11.3 | 15 |  |
| body2d_m | 1.0 | 1.0 | 1.0 | 0.85 | 1322-1724 | 2743 | 28.51 | 131.0 | 11.0 | 15 |  |
| body2d_l | 1.0 | 1.0 | 1.0 | 0.89 | 1324-1703 | 2743 | 27.86 | 131.2 | 10.53 | 15 |  |
| wholebody_m | 1.0 | 1.0 | 1.0 | 0.91 | 1325-1725 | 2743 | 19.8 | 173.1 | 10.65 | 15 |  |
| wholebody_l | 1.0 | 1.0 | 1.0 | 0.88 | 1322-1724 | 2743 | 18.88 | 180.9 | 11.59 | 15 |  |
| wholebody_x | 0.67 | 0.67 | 0.0 | 0.62 | 1324-1703 | 2743 | 17.51 | 190.6 | 10.65 | 15 |  |
| pose3d_l | 0.67 | 0.67 | 0.0 | 0.62 | 1320-1702 | 2743 | 18.53 | 207.0 | 11.3 | 16 |  |

ALL BENCHES DONE
