=== BENCH eae_original (18:06:54) ===
--- done eae_original (18:12:20)
bench configs written
=== BENCH body2d_x_ft (18:12:20) ===
--- done body2d_x_ft (18:17:43)
=== BENCH body2d_t (18:17:43) ===
--- done body2d_t (18:21:54)
=== BENCH body2d_s (18:21:54) ===
--- done body2d_s (18:24:48)
=== BENCH body2d_m (18:24:48) ===
--- done body2d_m (18:27:30)
=== BENCH body2d_l (18:27:30) ===
--- done body2d_l (18:30:24)
=== BENCH wholebody_m (18:30:24) ===
--- done wholebody_m (18:33:37)
=== BENCH wholebody_l (18:33:37) ===
--- done wholebody_l (18:37:05)
=== BENCH wholebody_x (18:37:05) ===
--- done wholebody_x (18:42:12)
=== BENCH pose3d_l (18:42:12) ===
--- done pose3d_l (18:48:29)
=== BENCH body2d_x_ft_ts (18:48:29) ===
--- done body2d_x_ft_ts (18:52:06)
=== BENCH body2d_x_ft_onnx (18:52:06) ===
--- done body2d_x_ft_onnx (19:01:54)
=== BENCH body2d_t_ts (19:01:54) ===
--- done body2d_t_ts (19:04:55)
=== BENCH body2d_t_onnx (19:04:55) ===
--- done body2d_t_onnx (19:10:26)
=== BENCH body2d_s_ts (19:10:26) ===
--- done body2d_s_ts (19:12:20)
=== BENCH body2d_s_onnx (19:12:20) ===
--- done body2d_s_onnx (19:17:59)
=== BENCH body2d_m_ts (19:17:59) ===
--- done body2d_m_ts (19:19:57)
=== BENCH body2d_m_onnx (19:19:57) ===
--- done body2d_m_onnx (19:26:04)
=== BENCH body2d_l_ts (19:26:04) ===
--- done body2d_l_ts (19:28:11)
=== BENCH body2d_l_onnx (19:28:11) ===
--- done body2d_l_onnx (19:34:58)
=== BENCH wholebody_m_ts (19:34:58) ===
--- done wholebody_m_ts (19:38:34)
=== BENCH wholebody_m_onnx (19:38:34) ===
--- done wholebody_m_onnx (19:45:35)
=== BENCH wholebody_l_ts (19:45:35) ===
--- done wholebody_l_ts (19:49:43)
=== BENCH wholebody_l_onnx (19:49:43) ===
--- done wholebody_l_onnx (20:00:00)
=== BENCH wholebody_x_ts (20:00:00) ===
--- done wholebody_x_ts (20:04:17)
=== BENCH wholebody_x_onnx (20:04:17) ===
--- done wholebody_x_onnx (20:17:00)
=== BENCH pose3d_l_ts (20:17:00) ===
--- done pose3d_l_ts (20:20:04)
=== BENCH pose3d_l_onnx (20:20:04) ===
--- done pose3d_l_onnx (20:30:45)
| config | runtime | span | ENTRANCE_VECTORS | ENTRANCE_HESITATION | TOTAL_TIME_OF_ENTRY | STAY_ALONG_WALL | loop_fps | wall_sec | peak_rss_gb | n_artifacts | error |
|---|---|---|---|---|---|---|---|---|---|---|---|
| eae_original |  | full | 1.0 | 1.0 | 1.0 | 0.93 | 9.74 | 326.1 | 11.04 | 15 |  |
| body2d_x_ft |  | full | 1.0 | 1.0 | 1.0 | 0.93 | 9.99 | 322.8 | 9.8 | 16 |  |
| body2d_t |  | full | 1.0 | 1.0 | 1.0 | 0.8 | 12.9 | 251.7 | 10.69 | 16 |  |
| body2d_s |  | full | 1.0 | 1.0 | 1.0 | 0.73 | 20.63 | 173.9 | 11.21 | 16 |  |
| body2d_m |  | full | 1.0 | 1.0 | 1.0 | 0.86 | 22.86 | 161.4 | 10.92 | 16 |  |
| body2d_l |  | full | 1.0 | 1.0 | 1.0 | 0.91 | 20.99 | 174.4 | 10.56 | 16 |  |
| wholebody_m |  | full | 1.0 | 1.0 | 1.0 | 0.93 | 18.94 | 193.1 | 11.18 | 16 |  |
| wholebody_l |  | full | 1.0 | 1.0 | 1.0 | 0.89 | 16.68 | 207.8 | 11.31 | 16 |  |
| wholebody_x |  | full | 0.67 | 0.67 | 0.0 | 0.65 | 10.36 | 306.4 | 11.2 | 16 |  |
| pose3d_l |  | full | 0.67 | 0.67 | 0.0 | 0.63 | 8.92 | 377.1 | 10.19 | 17 |  |
| body2d_x_ft_ts |  | truncated | 1.0 | 1.0 | 1.0 | 0.93 | 11.25 | 217.8 | 10.68 | 16 |  |
| body2d_x_ft_onnx |  | truncated | 1.0 | 1.0 | 1.0 | 0.93 | 3.56 | 587.5 | 11.16 | 16 |  |
| body2d_t_ts |  | truncated | 1.0 | 1.0 | 1.0 | 0.8 | 13.77 | 181.2 | 10.79 | 16 |  |
| body2d_t_onnx |  | truncated | 1.0 | 1.0 | 1.0 | 0.8 | 6.63 | 331.2 | 10.37 | 16 |  |
| body2d_s_ts |  | truncated | 1.0 | 1.0 | 1.0 | 0.73 | 26.73 | 113.5 | 10.44 | 16 |  |
| body2d_s_onnx |  | truncated | 1.0 | 1.0 | 1.0 | 0.73 | 6.48 | 338.9 | 10.34 | 16 |  |
| body2d_m_ts |  | truncated | 1.0 | 1.0 | 1.0 | 0.86 | 25.32 | 118.3 | 10.69 | 16 |  |
| body2d_m_onnx |  | truncated | 1.0 | 1.0 | 1.0 | 0.86 | 5.93 | 367.3 | 10.57 | 16 |  |
| body2d_l_ts |  | truncated | 1.0 | 1.0 | 1.0 | 0.91 | 23.66 | 126.3 | 10.36 | 16 |  |
| body2d_l_onnx |  | truncated | 1.0 | 1.0 | 1.0 | 0.91 | 5.29 | 407.0 | 10.27 | 16 |  |
| wholebody_m_ts |  | truncated | 1.0 | 1.0 | 1.0 | 0.93 | 11.59 | 216.1 | 10.92 | 16 |  |
| wholebody_m_onnx |  | truncated | 1.0 | 1.0 | 1.0 | 0.93 | 5.17 | 421.2 | 11.01 | 16 |  |
| wholebody_l_ts |  | truncated | 1.0 | 1.0 | 1.0 | 0.89 | 9.43 | 248.3 | 10.67 | 16 |  |
| wholebody_l_onnx |  | truncated | 1.0 | 1.0 | 1.0 | 0.89 | 3.35 | 616.1 | 11.01 | 16 |  |
| wholebody_x_ts |  | truncated | 1.0 | 0.72 | 1.0 | 0.7 | 9.3 | 257.9 | 10.72 | 16 |  |
| wholebody_x_onnx |  | truncated | 1.0 | 0.72 | 1.0 | 0.7 | 2.69 | 762.9 | 11.3 | 16 |  |
| pose3d_l_ts |  | truncated | 1.0 | 0.78 | 1.0 | 0.7 | 17.87 | 183.9 | 10.84 | 17 |  |
| pose3d_l_onnx |  | truncated | 1.0 | 0.78 | 1.0 | 0.7 | 3.39 | 640.9 | 11.11 | 17 |  |

ALL BENCHES DONE
